Archive member included to satisfy reference by file (symbol)

/opt/st/stm32cubeide_1.19.0/plugins/com.st.stm32cube.ide.mcu.externaltools.gnu-tools-for-stm32.13.3.rel1.linux64_1.0.0.202410170706/tools/bin/../lib/gcc/arm-none-eabi/13.3.1/../../../../arm-none-eabi/lib/thumb/v6-m/nofp/libc_nano.a(libc_a-exit.o)
                              /opt/st/stm32cubeide_1.19.0/plugins/com.st.stm32cube.ide.mcu.externaltools.gnu-tools-for-stm32.13.3.rel1.linux64_1.0.0.202410170706/tools/bin/../lib/gcc/arm-none-eabi/13.3.1/../../../../arm-none-eabi/lib/thumb/v6-m/nofp/crt0.o (exit)
/opt/st/stm32cubeide_1.19.0/plugins/com.st.stm32cube.ide.mcu.externaltools.gnu-tools-for-stm32.13.3.rel1.linux64_1.0.0.202410170706/tools/bin/../lib/gcc/arm-none-eabi/13.3.1/../../../../arm-none-eabi/lib/thumb/v6-m/nofp/libc_nano.a(libc_a-findfp.o)
                              /opt/st/stm32cubeide_1.19.0/plugins/com.st.stm32cube.ide.mcu.externaltools.gnu-tools-for-stm32.13.3.rel1.linux64_1.0.0.202410170706/tools/bin/../lib/gcc/arm-none-eabi/13.3.1/../../../../arm-none-eabi/lib/thumb/v6-m/nofp/libc_nano.a(libc_a-exit.o) (__stdio_exit_handler)
/opt/st/stm32cubeide_1.19.0/plugins/com.st.stm32cube.ide.mcu.externaltools.gnu-tools-for-stm32.13.3.rel1.linux64_1.0.0.202410170706/tools/bin/../lib/gcc/arm-none-eabi/13.3.1/../../../../arm-none-eabi/lib/thumb/v6-m/nofp/libc_nano.a(libc_a-fwalk.o)
                              /opt/st/stm32cubeide_1.19.0/plugins/com.st.stm32cube.ide.mcu.externaltools.gnu-tools-for-stm32.13.3.rel1.linux64_1.0.0.202410170706/tools/bin/../lib/gcc/arm-none-eabi/13.3.1/../../../../arm-none-eabi/lib/thumb/v6-m/nofp/libc_nano.a(libc_a-findfp.o) (_fwalk_sglue)
/opt/st/stm32cubeide_1.19.0/plugins/com.st.stm32cube.ide.mcu.externaltools.gnu-tools-for-stm32.13.3.rel1.linux64_1.0.0.202410170706/tools/bin/../lib/gcc/arm-none-eabi/13.3.1/../../../../arm-none-eabi/lib/thumb/v6-m/nofp/libc_nano.a(libc_a-stdio.o)
                              /opt/st/stm32cubeide_1.19.0/plugins/com.st.stm32cube.ide.mcu.externaltools.gnu-tools-for-stm32.13.3.rel1.linux64_1.0.0.202410170706/tools/bin/../lib/gcc/arm-none-eabi/13.3.1/../../../../arm-none-eabi/lib/thumb/v6-m/nofp/libc_nano.a(libc_a-findfp.o) (__sread)
/opt/st/stm32cubeide_1.19.0/plugins/com.st.stm32cube.ide.mcu.externaltools.gnu-tools-for-stm32.13.3.rel1.linux64_1.0.0.202410170706/tools/bin/../lib/gcc/arm-none-eabi/13.3.1/../../../../arm-none-eabi/lib/thumb/v6-m/nofp/libc_nano.a(libc_a-memset.o)
                              /opt/st/stm32cubeide_1.19.0/plugins/com.st.stm32cube.ide.mcu.externaltools.gnu-tools-for-stm32.13.3.rel1.linux64_1.0.0.202410170706/tools/bin/../lib/gcc/arm-none-eabi/13.3.1/../../../../arm-none-eabi/lib/thumb/v6-m/nofp/crt0.o (memset)
/opt/st/stm32cubeide_1.19.0/plugins/com.st.stm32cube.ide.mcu.externaltools.gnu-tools-for-stm32.13.3.rel1.linux64_1.0.0.202410170706/tools/bin/../lib/gcc/arm-none-eabi/13.3.1/../../../../arm-none-eabi/lib/thumb/v6-m/nofp/libc_nano.a(libc_a-closer.o)
                              /opt/st/stm32cubeide_1.19.0/plugins/com.st.stm32cube.ide.mcu.externaltools.gnu-tools-for-stm32.13.3.rel1.linux64_1.0.0.202410170706/tools/bin/../lib/gcc/arm-none-eabi/13.3.1/../../../../arm-none-eabi/lib/thumb/v6-m/nofp/libc_nano.a(libc_a-stdio.o) (_close_r)
/opt/st/stm32cubeide_1.19.0/plugins/com.st.stm32cube.ide.mcu.externaltools.gnu-tools-for-stm32.13.3.rel1.linux64_1.0.0.202410170706/tools/bin/../lib/gcc/arm-none-eabi/13.3.1/../../../../arm-none-eabi/lib/thumb/v6-m/nofp/libc_nano.a(libc_a-reent.o)
                              /opt/st/stm32cubeide_1.19.0/plugins/com.st.stm32cube.ide.mcu.externaltools.gnu-tools-for-stm32.13.3.rel1.linux64_1.0.0.202410170706/tools/bin/../lib/gcc/arm-none-eabi/13.3.1/../../../../arm-none-eabi/lib/thumb/v6-m/nofp/libc_nano.a(libc_a-closer.o) (errno)
/opt/st/stm32cubeide_1.19.0/plugins/com.st.stm32cube.ide.mcu.externaltools.gnu-tools-for-stm32.13.3.rel1.linux64_1.0.0.202410170706/tools/bin/../lib/gcc/arm-none-eabi/13.3.1/../../../../arm-none-eabi/lib/thumb/v6-m/nofp/libc_nano.a(libc_a-impure.o)
                              /opt/st/stm32cubeide_1.19.0/plugins/com.st.stm32cube.ide.mcu.externaltools.gnu-tools-for-stm32.13.3.rel1.linux64_1.0.0.202410170706/tools/bin/../lib/gcc/arm-none-eabi/13.3.1/../../../../arm-none-eabi/lib/thumb/v6-m/nofp/libc_nano.a(libc_a-reent.o) (_impure_ptr)
/opt/st/stm32cubeide_1.19.0/plugins/com.st.stm32cube.ide.mcu.externaltools.gnu-tools-for-stm32.13.3.rel1.linux64_1.0.0.202410170706/tools/bin/../lib/gcc/arm-none-eabi/13.3.1/../../../../arm-none-eabi/lib/thumb/v6-m/nofp/libc_nano.a(libc_a-lseekr.o)
                              /opt/st/stm32cubeide_1.19.0/plugins/com.st.stm32cube.ide.mcu.externaltools.gnu-tools-for-stm32.13.3.rel1.linux64_1.0.0.202410170706/tools/bin/../lib/gcc/arm-none-eabi/13.3.1/../../../../arm-none-eabi/lib/thumb/v6-m/nofp/libc_nano.a(libc_a-stdio.o) (_lseek_r)
[...]
Memory Configuration

Name             Origin             Length             Attributes
RAM              0x20000000         0x00009000         xrw
FLASH            0x08000000         0x00020000         xr
*default*        0x00000000         0xffffffff

Linker script and memory map

LOAD /opt/st/stm32cubeide_1.19.0/plugins/com.st.stm32cube.ide.mcu.externaltools.gnu-tools-for-stm32.13.3.rel1.linux64_1.0.0.202410170706/tools/bin/../lib/gcc/arm-none-eabi/13.3.1/thumb/v6-m/nofp/crti.o
LOAD /opt/st/stm32cubeide_1.19.0/plugins/com.st.stm32cube.ide.mcu.externaltools.gnu-tools-for-stm32.13.3.rel1.linux64_1.0.0.202410170706/tools/bin/../lib/gcc/arm-none-eabi/13.3.1/thumb/v6-m/nofp/crtbegin.o
LOAD /opt/st/stm32cubeide_1.19.0/plugins/com.st.stm32cube.ide.mcu.externaltools.gnu-tools-for-stm32.13.3.rel1.linux64_1.0.0.202410170706/tools/bin/../lib/gcc/arm-none-eabi/13.3.1/../../../../arm-none-eabi/lib/thumb/v6-m/nofp/crt0.o
LOAD ./Application/User/Core/gpio.o
LOAD ./Application/User/Core/main.o
LOAD ./Application/User/Core/stm32g0xx_hal_msp.o
LOAD ./Application/User/Core/stm32g0xx_it.o
LOAD ./Application/User/Core/syscalls.o
LOAD ./Application/User/Core/sysmem.o
LOAD ./Application/User/Startup/startup_stm32g071rbtx.o
LOAD ./Drivers/CMSIS/system_stm32g0xx.o
LOAD ./Drivers/STM32G0xx_HAL_Driver/stm32g0xx_hal.o
LOAD ./Drivers/STM32G0xx_HAL_Driver/stm32g0xx_hal_cortex.o
LOAD ./Drivers/STM32G0xx_HAL_Driver/stm32g0xx_hal_dma.o
LOAD ./Drivers/STM32G0xx_HAL_Driver/stm32g0xx_hal_dma_ex.o
LOAD ./Drivers/STM32G0xx_HAL_Driver/stm32g0xx_hal_exti.o
LOAD ./Drivers/STM32G0xx_HAL_Driver/stm32g0xx_hal_flash.o
LOAD ./Drivers/STM32G0xx_HAL_Driver/stm32g0xx_hal_flash_ex.o
LOAD ./Drivers/STM32G0xx_HAL_Driver/stm32g0xx_hal_gpio.o
LOAD ./Drivers/STM32G0xx_HAL_Driver/stm32g0xx_hal_pwr.o
LOAD ./Drivers/STM32G0xx_HAL_Driver/stm32g0xx_hal_pwr_ex.o
LOAD ./Drivers/STM32G0xx_HAL_Driver/stm32g0xx_hal_rcc.o
LOAD ./Drivers/STM32G0xx_HAL_Driver/stm32g0xx_hal_rcc_ex.o
LOAD ./Drivers/STM32G0xx_HAL_Driver/stm32g0xx_ll_rcc.o
START GROUP
LOAD /opt/st/stm32cubeide_1.19.0/plugins/com.st.stm32cube.ide.mcu.externaltools.gnu-tools-for-stm32.13.3.rel1.linux64_1.0.0.202410170706/tools/bin/../lib/gcc/arm-none-eabi/13.3.1/../../../../arm-none-eabi/lib/thumb/v6-m/nofp/libc_nano.a
LOAD /opt/st/stm32cubeide_1.19.0/plugins/com.st.stm32cube.ide.mcu.externaltools.gnu-tools-for-stm32.13.3.rel1.linux64_1.0.0.202410170706/tools/bin/../lib/gcc/arm-none-eabi/13.3.1/../../../../arm-none-eabi/lib/thumb/v6-m/nofp/libm.a
END GROUP
START GROUP
LOAD /opt/st/stm32cubeide_1.19.0/plugins/com.st.stm32cube.ide.mcu.externaltools.gnu-tools-for-stm32.13.3.rel1.linux64_1.0.0.202410170706/tools/bin/../lib/gcc/arm-none-eabi/13.3.1/thumb/v6-m/nofp/libgcc.a
LOAD /opt/st/stm32cubeide_1.19.0/plugins/com.st.stm32cube.ide.mcu.externaltools.gnu-tools-for-stm32.13.3.rel1.linux64_1.0.0.202410170706/tools/bin/../lib/gcc/arm-none-eabi/13.3.1/../../../../arm-none-eabi/lib/thumb/v6-m/nofp/libc_nano.a
END GROUP
START GROUP
LOAD /opt/st/stm32cubeide_1.19.0/plugins/com.st.stm32cube.ide.mcu.externaltools.gnu-tools-for-stm32.13.3.rel1.linux64_1.0.0.202410170706/tools/bin/../lib/gcc/arm-none-eabi/13.3.1/thumb/v6-m/nofp/libgcc.a
LOAD /opt/st/stm32cubeide_1.19.0/plugins/com.st.stm32cube.ide.mcu.externaltools.gnu-tools-for-stm32.13.3.rel1.linux64_1.0.0.202410170706/tools/bin/../lib/gcc/arm-none-eabi/13.3.1/../../../../arm-none-eabi/lib/thumb/v6-m/nofp/libc_nano.a
LOAD /opt/st/stm32cubeide_1.19.0/plugins/com.st.stm32cube.ide.mcu.externaltools.gnu-tools-for-stm32.13.3.rel1.linux64_1.0.0.202410170706/tools/bin/../lib/gcc/arm-none-eabi/13.3.1/../../../../arm-none-eabi/lib/thumb/v6-m/nofp/libnosys.a
END GROUP
START GROUP
LOAD /opt/st/stm32cubeide_1.19.0/plugins/com.st.stm32cube.ide.mcu.externaltools.gnu-tools-for-stm32.13.3.rel1.linux64_1.0.0.202410170706/tools/bin/../lib/gcc/arm-none-eabi/13.3.1/thumb/v6-m/nofp/libgcc.a
LOAD /opt/st/stm32cubeide_1.19.0/plugins/com.st.stm32cube.ide.mcu.externaltools.gnu-tools-for-stm32.13.3.rel1.linux64_1.0.0.202410170706/tools/bin/../lib/gcc/arm-none-eabi/13.3.1/../../../../arm-none-eabi/lib/thumb/v6-m/nofp/libc_nano.a
LOAD /opt/st/stm32cubeide_1.19.0/plugins/com.st.stm32cube.ide.mcu.externaltools.gnu-tools-for-stm32.13.3.rel1.linux64_1.0.0.202410170706/tools/bin/../lib/gcc/arm-none-eabi/13.3.1/../../../../arm-none-eabi/lib/thumb/v6-m/nofp/libnosys.a
END GROUP
LOAD /opt/st/stm32cubeide_1.19.0/plugins/com.st.stm32cube.ide.mcu.externaltools.gnu-tools-for-stm32.13.3.rel1.linux64_1.0.0.202410170706/tools/bin/../lib/gcc/arm-none-eabi/13.3.1/thumb/v6-m/nofp/crtend.o
LOAD /opt/st/stm32cubeide_1.19.0/plugins/com.st.stm32cube.ide.mcu.externaltools.gnu-tools-for-stm32.13.3.rel1.linux64_1.0.0.202410170706/tools/bin/../lib/gcc/arm-none-eabi/13.3.1/thumb/v6-m/nofp/crtn.o
                0x20009000                        _estack = (ORIGIN (RAM) + LENGTH (RAM))
                0x00000200                        _Min_Heap_Size = 0x200
                0x00000400                        _Min_Stack_Size = 0x400

.isr_vector     0x08000000       0xbc
                0x08000000                        . = ALIGN (0x4)
 *(.isr_vector)
 .isr_vector    0x08000000       0xbc ./Application/User/Startup/startup_stm32g071rbtx.o
                0x08000000                g_pfnVectors
                0x080000bc                        . = ALIGN (0x4)

.text           0x080000bc     0x13c4
                0x080000bc                        . = ALIGN (0x4)
 *(.text)
 .text          0x080000bc       0x48 /opt/st/stm32cubeide_1.19.0/plugins/com.st.stm32cube.ide.mcu.externaltools.gnu-tools-for-stm32.13.3.rel1.linux64_1.0.0.202410170706/tools/bin/../lib/gcc/arm-none-eabi/13.3.1/thumb/v6-m/nofp/crtbegin.o
 .text          0x08000104      0x114 /opt/st/stm32cubeide_1.19.0/plugins/com.st.stm32cube.ide.mcu.externaltools.gnu-tools-for-stm32.13.3.rel1.linux64_1.0.0.202410170706/tools/bin/../lib/gcc/arm-none-eabi/13.3.1/thumb/v6-m/nofp/libgcc.a(_udivsi3.o)
                0x08000104                __udivsi3
                0x08000104                __aeabi_uidiv
                0x08000210                __aeabi_uidivmod
 .text          0x08000218        0x4 /opt/st/stm32cubeide_1.19.0/plugins/com.st.stm32cube.ide.mcu.externaltools.gnu-tools-for-stm32.13.3.rel1.linux64_1.0.0.202410170706/tools/bin/../lib/gcc/arm-none-eabi/13.3.1/thumb/v6-m/nofp/libgcc.a(_dvmd_tls.o)
                0x08000218                __aeabi_ldiv0
                0x08000218                __aeabi_idiv0
 *(.text*)
 .text.MX_GPIO_Init
                0x0800021c       0x6c ./Application/User/Core/gpio.o
                0x0800021c                MX_GPIO_Init
 .text.main     0x08000288       0x2a ./Application/User/Core/main.o
                0x08000288                main
 .text.SystemClock_Config
                0x080002b2       0xbc ./Application/User/Core/main.o
                0x080002b2                SystemClock_Config
 .text.Error_Handler
                0x0800036e        0xc ./Application/User/Core/main.o
                0x0800036e                Error_Handler
 *fill*         0x0800037a        0x2 
 .text.HAL_MspInit
                0x0800037c       0x48 ./Application/User/Core/stm32g0xx_hal_msp.o
                0x0800037c                HAL_MspInit
 .text.NMI_Handler
                0x080003c4        0x8 ./Application/User/Core/stm32g0xx_it.o
                0x080003c4                NMI_Handler
 .text.HardFault_Handler
                0x080003cc        0x8 ./Application/User/Core/stm32g0xx_it.o
                0x080003cc                HardFault_Handler
 .text.SVC_Handler
                0x080003d4        0xa ./Application/User/Core/stm32g0xx_it.o
                0x080003d4                SVC_Handler
 .text.PendSV_Handler
                0x080003de        0xa ./Application/User/Core/stm32g0xx_it.o
                0x080003de                PendSV_Handler
 .text.SysTick_Handler
                0x080003e8        0xe ./Application/User/Core/stm32g0xx_it.o
                0x080003e8                SysTick_Handler
 *fill*         0x080003f6        0x2 
 .text.Reset_Handler
                0x080003f8       0x50 ./Application/User/Startup/startup_stm32g071rbtx.o
                0x080003f8                Reset_Handler
 .text.Default_Handler
                0x08000448        0x2 ./Application/User/Startup/startup_stm32g071rbtx.o
                0x08000448                USART3_4_LPUART1_IRQHandler
                0x08000448                TIM1_CC_IRQHandler
                0x08000448                ADC1_COMP_IRQHandler
                0x08000448                PVD_IRQHandler
                0x08000448                I2C1_IRQHandler
                0x08000448                TIM7_LPTIM2_IRQHandler
                0x08000448                RTC_TAMP_IRQHandler
                0x08000448                SPI1_IRQHandler
                0x08000448                EXTI2_3_IRQHandler
                0x08000448                I2C2_IRQHandler
                0x08000448                TIM17_IRQHandler
                0x08000448                TIM16_IRQHandler
                0x08000448                TIM3_IRQHandler
                0x08000448                EXTI4_15_IRQHandler
                0x08000448                RCC_IRQHandler
                0x08000448                DMA1_Channel1_IRQHandler
                0x08000448                Default_Handler
                0x08000448                CEC_IRQHandler
                0x08000448                TIM14_IRQHandler
                0x08000448                TIM15_IRQHandler
                0x08000448                EXTI0_1_IRQHandler
                0x08000448                SPI2_IRQHandler
                0x08000448                TIM6_DAC_LPTIM1_IRQHandler
                0x08000448                WWDG_IRQHandler
                0x08000448                TIM2_IRQHandler
                0x08000448                DMA1_Ch4_7_DMAMUX1_OVR_IRQHandler
                0x08000448                DMA1_Channel2_3_IRQHandler
                0x08000448                UCPD1_2_IRQHandler
                0x08000448                USART2_IRQHandler
                0x08000448                FLASH_IRQHandler
                0x08000448                USART1_IRQHandler
                0x08000448                TIM1_BRK_UP_TRG_COM_IRQHandler
 .text.SystemInit
                0x0800044a        0xa ./Drivers/CMSIS/system_stm32g0xx.o
                0x0800044a                SystemInit
 .text.HAL_Init
                0x08000454       0x40 ./Drivers/STM32G0xx_HAL_Driver/stm32g0xx_hal.o
                0x08000454                HAL_Init
 .text.HAL_InitTick
                0x08000494       0x94 ./Drivers/STM32G0xx_HAL_Driver/stm32g0xx_hal.o
                0x08000494                HAL_InitTick
 .text.HAL_IncTick
                0x08000528       0x24 ./Drivers/STM32G0xx_HAL_Driver/stm32g0xx_hal.o
                0x08000528                HAL_IncTick
 .text.HAL_GetTick
                0x0800054c       0x14 ./Drivers/STM32G0xx_HAL_Driver/stm32g0xx_hal.o
                0x0800054c                HAL_GetTick
 .text.HAL_Delay
                0x08000560       0x48 ./Drivers/STM32G0xx_HAL_Driver/stm32g0xx_hal.o
                0x08000560                HAL_Delay
 .text.__NVIC_SetPriority
                0x080005a8       0xdc ./Drivers/STM32G0xx_HAL_Driver/stm32g0xx_hal_cortex.o
 .text.SysTick_Config
                0x08000684       0x48 ./Drivers/STM32G0xx_HAL_Driver/stm32g0xx_hal_cortex.o
 .text.HAL_NVIC_SetPriority
                0x080006cc       0x2a ./Drivers/STM32G0xx_HAL_Driver/stm32g0xx_hal_cortex.o
                0x080006cc                HAL_NVIC_SetPriority
 .text.HAL_SYSTICK_Config
                0x080006f6       0x1a ./Drivers/STM32G0xx_HAL_Driver/stm32g0xx_hal_cortex.o
                0x080006f6                HAL_SYSTICK_Config
 .text.HAL_GPIO_Init
                0x08000710      0x2c8 ./Drivers/STM32G0xx_HAL_Driver/stm32g0xx_hal_gpio.o
                0x08000710                HAL_GPIO_Init
 .text.HAL_GPIO_WritePin
                0x080009d8       0x3a ./Drivers/STM32G0xx_HAL_Driver/stm32g0xx_hal_gpio.o
                0x080009d8                HAL_GPIO_WritePin
 .text.HAL_GPIO_TogglePin
                0x08000a12       0x36 ./Drivers/STM32G0xx_HAL_Driver/stm32g0xx_hal_gpio.o
                0x08000a12                HAL_GPIO_TogglePin
 .text.HAL_PWREx_ControlVoltageScaling
                0x08000a48       0x80 ./Drivers/STM32G0xx_HAL_Driver/stm32g0xx_hal_pwr_ex.o
                0x08000a48                HAL_PWREx_ControlVoltageScaling
 .text.HAL_RCC_OscConfig
                0x08000ac8      0x634 ./Drivers/STM32G0xx_HAL_Driver/stm32g0xx_hal_rcc.o
                0x08000ac8                HAL_RCC_OscConfig
 .text.HAL_RCC_ClockConfig
                0x080010fc      0x210 ./Drivers/STM32G0xx_HAL_Driver/stm32g0xx_hal_rcc.o
                0x080010fc                HAL_RCC_ClockConfig
 .text.HAL_RCC_GetSysClockFreq
                0x0800130c      0x104 ./Drivers/STM32G0xx_HAL_Driver/stm32g0xx_hal_rcc.o
                0x0800130c                HAL_RCC_GetSysClockFreq
 .text.memset   0x08001410       0x10 /opt/st/stm32cubeide_1.19.0/plugins/com.st.stm32cube.ide.mcu.externaltools.gnu-tools-for-stm32.13.3.rel1.linux64_1.0.0.202410170706/tools/bin/../lib/gcc/arm-none-eabi/13.3.1/../../../../arm-none-eabi/lib/thumb/v6-m/nofp/libc_nano.a(libc_a-memset.o)
                0x08001410                memset
 .text.__libc_init_array
                0x08001420       0x48 /opt/st/stm32cubeide_1.19.0/plugins/com.st.stm32cube.ide.mcu.externaltools.gnu-tools-for-stm32.13.3.rel1.linux64_1.0.0.202410170706/tools/bin/../lib/gcc/arm-none-eabi/13.3.1/../../../../arm-none-eabi/lib/thumb/v6-m/nofp/libc_nano.a(libc_a-init.o)
                0x08001420                __libc_init_array
 *(.glue_7)
 .glue_7        0x08001468        0x0 linker stubs
 *(.glue_7t)
 .glue_7t       0x08001468        0x0 linker stubs
 *(.eh_frame)
 .eh_frame      0x08001468        0x0 /opt/st/stm32cubeide_1.19.0/plugins/com.st.stm32cube.ide.mcu.externaltools.gnu-tools-for-stm32.13.3.rel1.linux64_1.0.0.202410170706/tools/bin/../lib/gcc/arm-none-eabi/13.3.1/thumb/v6-m/nofp/crtbegin.o
 *(.init)
 .init          0x08001468        0x4 /opt/st/stm32cubeide_1.19.0/plugins/com.st.stm32cube.ide.mcu.externaltools.gnu-tools-for-stm32.13.3.rel1.linux64_1.0.0.202410170706/tools/bin/../lib/gcc/arm-none-eabi/13.3.1/thumb/v6-m/nofp/crti.o
                0x08001468                _init
 .init          0x0800146c        0x8 /opt/st/stm32cubeide_1.19.0/plugins/com.st.stm32cube.ide.mcu.externaltools.gnu-tools-for-stm32.13.3.rel1.linux64_1.0.0.202410170706/tools/bin/../lib/gcc/arm-none-eabi/13.3.1/thumb/v6-m/nofp/crtn.o
 *(.fini)
 .fini          0x08001474        0x4 /opt/st/stm32cubeide_1.19.0/plugins/com.st.stm32cube.ide.mcu.externaltools.gnu-tools-for-stm32.13.3.rel1.linux64_1.0.0.202410170706/tools/bin/../lib/gcc/arm-none-eabi/13.3.1/thumb/v6-m/nofp/crti.o
                0x08001474                _fini
 .fini          0x08001478        0x8 /opt/st/stm32cubeide_1.19.0/plugins/com.st.stm32cube.ide.mcu.externaltools.gnu-tools-for-stm32.13.3.rel1.linux64_1.0.0.202410170706/tools/bin/../lib/gcc/arm-none-eabi/13.3.1/thumb/v6-m/nofp/crtn.o
                0x08001480                        . = ALIGN (0x4)
                0x08001480                        _etext = .

.vfp11_veneer   0x08001480        0x0
 .vfp11_veneer  0x08001480        0x0 linker stubs

.v4_bx          0x08001480        0x0
 .v4_bx         0x08001480        0x0 linker stubs

.iplt           0x08001480        0x0
 .iplt          0x08001480        0x0 /opt/st/stm32cubeide_1.19.0/plugins/com.st.stm32cube.ide.mcu.externaltools.gnu-tools-for-stm32.13.3.rel1.linux64_1.0.0.202410170706/tools/bin/../lib/gcc/arm-none-eabi/13.3.1/thumb/v6-m/nofp/crtbegin.o

.rodata         0x08001480       0x40
                0x08001480                        . = ALIGN (0x4)
 *(.rodata)
 *(.rodata*)
 .rodata.AHBPrescTable
                0x08001480       0x40 ./Drivers/CMSIS/system_stm32g0xx.o
                0x08001480                AHBPrescTable
                0x080014c0                        . = ALIGN (0x4)

.ARM.extab      0x080014c0        0x0
                0x080014c0                        . = ALIGN (0x4)
 *(.ARM.extab* .gnu.linkonce.armextab.*)
                0x080014c0                        . = ALIGN (0x4)

.ARM            0x080014c0        0x0
                0x080014c0                        . = ALIGN (0x4)
                0x080014c0                        __exidx_start = .
 *(.ARM.exidx*)
                0x080014c0                        __exidx_end = .
                0x080014c0                        . = ALIGN (0x4)

.preinit_array  0x080014c0        0x0
                0x080014c0                        . = ALIGN (0x4)
                0x080014c0                        PROVIDE (__preinit_array_start = .)
 *(.preinit_array*)
                0x080014c0                        PROVIDE (__preinit_array_end = .)
                0x080014c0                        . = ALIGN (0x4)

.init_array     0x080014c0        0x4
                0x080014c0                        . = ALIGN (0x4)
                0x080014c0                        PROVIDE (__init_array_start = .)
 *(SORT_BY_NAME(.init_array.*))
 *(.init_array*)
 .init_array    0x080014c0        0x4 /opt/st/stm32cubeide_1.19.0/plugins/com.st.stm32cube.ide.mcu.externaltools.gnu-tools-for-stm32.13.3.rel1.linux64_1.0.0.202410170706/tools/bin/../lib/gcc/arm-none-eabi/13.3.1/thumb/v6-m/nofp/crtbegin.o
                0x080014c4                        PROVIDE (__init_array_end = .)
                0x080014c4                        . = ALIGN (0x4)

.fini_array     0x080014c4        0x4
                0x080014c4                        . = ALIGN (0x4)
                [!provide]                        PROVIDE (__fini_array_start = .)
 *(SORT_BY_NAME(.fini_array.*))
 *(.fini_array*)
 .fini_array    0x080014c4        0x4 /opt/st/stm32cubeide_1.19.0/plugins/com.st.stm32cube.ide.mcu.externaltools.gnu-tools-for-stm32.13.3.rel1.linux64_1.0.0.202410170706/tools/bin/../lib/gcc/arm-none-eabi/13.3.1/thumb/v6-m/nofp/crtbegin.o
                [!provide]                        PROVIDE (__fini_array_end = .)
                0x080014c8                        . = ALIGN (0x4)
                0x080014c8                        _sidata = LOADADDR (.data)

.rel.dyn        0x080014c8        0x0
 .rel.iplt      0x080014c8        0x0 /opt/st/stm32cubeide_1.19.0/plugins/com.st.stm32cube.ide.mcu.externaltools.gnu-tools-for-stm32.13.3.rel1.linux64_1.0.0.202410170706/tools/bin/../lib/gcc/arm-none-eabi/13.3.1/thumb/v6-m/nofp/crtbegin.o

.data           0x20000000        0xc load address 0x080014c8
                0x20000000                        . = ALIGN (0x4)
                0x20000000                        _sdata = .
 *(.data)
 *(.data*)
 .data.SystemCoreClock
                0x20000000        0x4 ./Drivers/CMSIS/system_stm32g0xx.o
                0x20000000                SystemCoreClock
 .data.uwTickPrio
                0x20000004        0x4 ./Drivers/STM32G0xx_HAL_Driver/stm32g0xx_hal.o
                0x20000004                uwTickPrio
 .data.uwTickFreq
                0x20000008        0x1 ./Drivers/STM32G0xx_HAL_Driver/stm32g0xx_hal.o
                0x20000008                uwTickFreq
 *(.RamFunc)
 *(.RamFunc*)
                0x2000000c                        . = ALIGN (0x4)
 *fill*         0x20000009        0x3 
                0x2000000c                        _edata = .

.igot.plt       0x2000000c        0x0 load address 0x080014d4
 .igot.plt      0x2000000c        0x0 /opt/st/stm32cubeide_1.19.0/plugins/com.st.stm32cube.ide.mcu.externaltools.gnu-tools-for-stm32.13.3.rel1.linux64_1.0.0.202410170706/tools/bin/../lib/gcc/arm-none-eabi/13.3.1/thumb/v6-m/nofp/crtbegin.o
                0x2000000c                        . = ALIGN (0x4)

.bss            0x2000000c       0x20 load address 0x080014d4
                0x2000000c                        _sbss = .
                0x2000000c                        __bss_start__ = _sbss
 *(.bss)
 .bss           0x2000000c       0x1c /opt/st/stm32cubeide_1.19.0/plugins/com.st.stm32cube.ide.mcu.externaltools.gnu-tools-for-stm32.13.3.rel1.linux64_1.0.0.202410170706/tools/bin/../lib/gcc/arm-none-eabi/13.3.1/thumb/v6-m/nofp/crtbegin.o
 *(.bss*)
 .bss.uwTick    0x20000028        0x4 ./Drivers/STM32G0xx_HAL_Driver/stm32g0xx_hal.o
                0x20000028                uwTick
 *(COMMON)
                0x2000002c                        . = ALIGN (0x4)
                0x2000002c                        _ebss = .
                0x2000002c                        __bss_end__ = _ebss

._user_heap_stack
                0x2000002c      0x604 load address 0x080014d4
                0x20000030                        . = ALIGN (0x8)
 *fill*         0x2000002c        0x4 
                [!provide]                        PROVIDE (end = .)
                0x20000030                        PROVIDE (_end = .)
                0x20000230                        . = (. + _Min_Heap_Size)
 *fill*         0x20000030      0x200 
                0x20000630                        . = (. + _Min_Stack_Size)
 *fill*         0x20000230      0x400 
                0x20000630                        . = ALIGN (0x8)

/DISCARD/
 libc.a(*)
 libm.a(*)
 libgcc.a(*)

.ARM.attributes
                0x00000000       0x28
 *(.ARM.attributes)
 .ARM.attributes
                0x00000000       0x1e /opt/st/stm32cubeide_1.19.0/plugins/com.st.stm32cube.ide.mcu.externaltools.gnu-tools-for-stm32.13.3.rel1.linux64_1.0.0.202410170706/tools/bin/../lib/gcc/arm-none-eabi/13.3.1/thumb/v6-m/nofp/crti.o
 .ARM.attributes
                0x0000001e       0x2c /opt/st/stm32cubeide_1.19.0/plugins/com.st.stm32cube.ide.mcu.externaltools.gnu-tools-for-stm32.13.3.rel1.linux64_1.0.0.202410170706/tools/bin/../lib/gcc/arm-none-eabi/13.3.1/thumb/v6-m/nofp/crtbegin.o
 .ARM.attributes
                0x0000004a       0x2c ./Application/User/Core/gpio.o
 .ARM.attributes
                0x00000076       0x2c ./Application/User/Core/main.o
 .ARM.attributes
                0x000000a2       0x2c ./Application/User/Core/stm32g0xx_hal_msp.o
 .ARM.attributes
                0x000000ce       0x2c ./Application/User/Core/stm32g0xx_it.o
 .ARM.attributes
                0x000000fa       0x22 ./Application/User/Startup/startup_stm32g071rbtx.o
 .ARM.attributes
                0x0000011c       0x2c ./Drivers/CMSIS/system_stm32g0xx.o
 .ARM.attributes
                0x00000148       0x2c ./Drivers/STM32G0xx_HAL_Driver/stm32g0xx_hal.o
 .ARM.attributes
                0x00000174       0x2c ./Drivers/STM32G0xx_HAL_Driver/stm32g0xx_hal_cortex.o
 .ARM.attributes
                0x000001a0       0x2c ./Drivers/STM32G0xx_HAL_Driver/stm32g0xx_hal_gpio.o
 .ARM.attributes
                0x000001cc       0x2c ./Drivers/STM32G0xx_HAL_Driver/stm32g0xx_hal_pwr_ex.o
 .ARM.attributes
                0x000001f8       0x2c ./Drivers/STM32G0xx_HAL_Driver/stm32g0xx_hal_rcc.o
 .ARM.attributes
                0x00000224       0x2c /opt/st/stm32cubeide_1.19.0/plugins/com.st.stm32cube.ide.mcu.externaltools.gnu-tools-for-stm32.13.3.rel1.linux64_1.0.0.202410170706/tools/bin/../lib/gcc/arm-none-eabi/13.3.1/../../../../arm-none-eabi/lib/thumb/v6-m/nofp/libc_nano.a(libc_a-memset.o)
 .ARM.attributes
                0x00000250       0x2c /opt/st/stm32cubeide_1.19.0/plugins/com.st.stm32cube.ide.mcu.externaltools.gnu-tools-for-stm32.13.3.rel1.linux64_1.0.0.202410170706/tools/bin/../lib/gcc/arm-none-eabi/13.3.1/../../../../arm-none-eabi/lib/thumb/v6-m/nofp/libc_nano.a(libc_a-init.o)
 .ARM.attributes
                0x0000027c       0x1e /opt/st/stm32cubeide_1.19.0/plugins/com.st.stm32cube.ide.mcu.externaltools.gnu-tools-for-stm32.13.3.rel1.linux64_1.0.0.202410170706/tools/bin/../lib/gcc/arm-none-eabi/13.3.1/thumb/v6-m/nofp/libgcc.a(_udivsi3.o)
 .ARM.attributes
                0x0000029a       0x1e /opt/st/stm32cubeide_1.19.0/plugins/com.st.stm32cube.ide.mcu.externaltools.gnu-tools-for-stm32.13.3.rel1.linux64_1.0.0.202410170706/tools/bin/../lib/gcc/arm-none-eabi/13.3.1/thumb/v6-m/nofp/libgcc.a(_dvmd_tls.o)
 .ARM.attributes
                0x000002b8       0x1e /opt/st/stm32cubeide_1.19.0/plugins/com.st.stm32cube.ide.mcu.externaltools.gnu-tools-for-stm32.13.3.rel1.linux64_1.0.0.202410170706/tools/bin/../lib/gcc/arm-none-eabi/13.3.1/thumb/v6-m/nofp/crtn.o
OUTPUT(EP2.elf elf32-littlearm)
LOAD linker stubs
LOAD /opt/st/stm32cubeide_1.19.0/plugins/com.st.stm32cube.ide.mcu.externaltools.gnu-tools-for-stm32.13.3.rel1.linux64_1.0.0.202410170706/tools/bin/../lib/gcc/arm-none-eabi/13.3.1/../../../../arm-none-eabi/lib/thumb/v6-m/nofp/libc.a
LOAD /opt/st/stm32cubeide_1.19.0/plugins/com.st.stm32cube.ide.mcu.externaltools.gnu-tools-for-stm32.13.3.rel1.linux64_1.0.0.202410170706/tools/bin/../lib/gcc/arm-none-eabi/13.3.1/../../../../arm-none-eabi/lib/thumb/v6-m/nofp/libm.a
LOAD /opt/st/stm32cubeide_1.19.0/plugins/com.st.stm32cube.ide.mcu.externaltools.gnu-tools-for-stm32.13.3.rel1.linux64_1.0.0.202410170706/tools/bin/../lib/gcc/arm-none-eabi/13.3.1/thumb/v6-m/nofp/libgcc.a

.debug_info     0x00000000     0x3a58
 .debug_info    0x00000000      0x3bd ./Application/User/Core/gpio.o
 .debug_info    0x000003bd      0x437 ./Application/User/Core/main.o
 .debug_info    0x000007f4      0x265 ./Application/User/Core/stm32g0xx_hal_msp.o
 .debug_info    0x00000a59      0x117 ./Application/User/Core/stm32g0xx_it.o
 .debug_info    0x00000b70       0x30 ./Application/User/Startup/startup_stm32g071rbtx.o
 .debug_info    0x00000ba0      0x316 ./Drivers/CMSIS/system_stm32g0xx.o
 .debug_info    0x00000eb6      0xa34 ./Drivers/STM32G0xx_HAL_Driver/stm32g0xx_hal.o
 .debug_info    0x000018ea      0x8d9 ./Drivers/STM32G0xx_HAL_Driver/stm32g0xx_hal_cortex.o
 .debug_info    0x000021c3      0x5b9 ./Drivers/STM32G0xx_HAL_Driver/stm32g0xx_hal_gpio.o
 .debug_info    0x0000277c      0x7c1 ./Drivers/STM32G0xx_HAL_Driver/stm32g0xx_hal_pwr_ex.o
 .debug_info    0x00002f3d      0xb1b ./Drivers/STM32G0xx_HAL_Driver/stm32g0xx_hal_rcc.o

.debug_abbrev   0x00000000     0x11be
 .debug_abbrev  0x00000000      0x14d ./Application/User/Core/gpio.o
 .debug_abbrev  0x0000014d      0x1a4 ./Application/User/Core/main.o
 .debug_abbrev  0x000002f1       0xdd ./Application/User/Core/stm32g0xx_hal_msp.o
 .debug_abbrev  0x000003ce       0xac ./Application/User/Core/stm32g0xx_it.o
 .debug_abbrev  0x0000047a       0x24 ./Application/User/Startup/startup_stm32g071rbtx.o
 .debug_abbrev  0x0000049e      0x119 ./Drivers/CMSIS/system_stm32g0xx.o
 .debug_abbrev  0x000005b7      0x2b2 ./Drivers/STM32G0xx_HAL_Driver/stm32g0xx_hal.o
 .debug_abbrev  0x00000869      0x2ab ./Drivers/STM32G0xx_HAL_Driver/stm32g0xx_hal_cortex.o
 .debug_abbrev  0x00000b14      0x1c8 ./Drivers/STM32G0xx_HAL_Driver/stm32g0xx_hal_gpio.o
 .debug_abbrev  0x00000cdc      0x238 ./Drivers/STM32G0xx_HAL_Driver/stm32g0xx_hal_pwr_ex.o
 .debug_abbrev  0x00000f14      0x2aa ./Drivers/STM32G0xx_HAL_Driver/stm32g0xx_hal_rcc.o

.debug_aranges  0x00000000      0x4f8
 .debug_aranges
                0x00000000       0x20 ./Application/User/Core/gpio.o
 .debug_aranges
                0x00000020       0x30 ./Application/User/Core/main.o
 .debug_aranges
                0x00000050       0x20 ./Application/User/Core/stm32g0xx_hal_msp.o
 .debug_aranges
                0x00000070       0x40 ./Application/User/Core/stm32g0xx_it.o
 .debug_aranges
                0x000000b0       0x28 ./Application/User/Startup/startup_stm32g071rbtx.o
 .debug_aranges
                0x000000d8       0x28 ./Drivers/CMSIS/system_stm32g0xx.o
 .debug_aranges
                0x00000100      0x120 ./Drivers/STM32G0xx_HAL_Driver/stm32g0xx_hal.o
 .debug_aranges
                0x00000220       0xe8 ./Drivers/STM32G0xx_HAL_Driver/stm32g0xx_hal_cortex.o
 .debug_aranges
                0x00000308       0x60 ./Drivers/STM32G0xx_HAL_Driver/stm32g0xx_hal_gpio.o
 .debug_aranges
                0x00000368       0xf0 ./Drivers/STM32G0xx_HAL_Driver/stm32g0xx_hal_pwr_ex.o
 .debug_aranges
                0x00000458       0xa0 ./Drivers/STM32G0xx_HAL_Driver/stm32g0xx_hal_rcc.o

.debug_rnglists
                0x00000000      0x395
 .debug_rnglists
                0x00000000       0x13 ./Application/User/Core/gpio.o
 .debug_rnglists
                0x00000013       0x20 ./Application/User/Core/main.o
 .debug_rnglists
                0x00000033       0x13 ./Application/User/Core/stm32g0xx_hal_msp.o
 .debug_rnglists
                0x00000046       0x2b ./Application/User/Core/stm32g0xx_it.o
 .debug_rnglists
                0x00000071       0x19 ./Application/User/Startup/startup_stm32g071rbtx.o
 .debug_rnglists
                0x0000008a       0x1a ./Drivers/CMSIS/system_stm32g0xx.o
 .debug_rnglists
                0x000000a4       0xd4 ./Drivers/STM32G0xx_HAL_Driver/stm32g0xx_hal.o
 .debug_rnglists
                0x00000178       0xaa ./Drivers/STM32G0xx_HAL_Driver/stm32g0xx_hal_cortex.o
 .debug_rnglists
                0x00000222       0x45 ./Drivers/STM32G0xx_HAL_Driver/stm32g0xx_hal_gpio.o
 .debug_rnglists
                0x00000267       0xb5 ./Drivers/STM32G0xx_HAL_Driver/stm32g0xx_hal_pwr_ex.o
 .debug_rnglists
                0x0000031c       0x79 ./Drivers/STM32G0xx_HAL_Driver/stm32g0xx_hal_rcc.o

.debug_macro    0x00000000    0x161d7
 .debug_macro   0x00000000      0x1d0 ./Application/User/Core/gpio.o
 .debug_macro   0x000001d0      0xaae ./Application/User/Core/gpio.o
 .debug_macro   0x00000c7e      0x111 ./Application/User/Core/gpio.o
 .debug_macro   0x00000d8f       0x2e ./Application/User/Core/gpio.o
 .debug_macro   0x00000dbd       0x28 ./Application/User/Core/gpio.o
 .debug_macro   0x00000de5       0x22 ./Application/User/Core/gpio.o
 .debug_macro   0x00000e07       0x8e ./Application/User/Core/gpio.o
 .debug_macro   0x00000e95       0x51 ./Application/User/Core/gpio.o
 .debug_macro   0x00000ee6      0x103 ./Application/User/Core/gpio.o
 .debug_macro   0x00000fe9       0x6a ./Application/User/Core/gpio.o
 .debug_macro   0x00001053      0x1df ./Application/User/Core/gpio.o
 .debug_macro   0x00001232       0x1c ./Application/User/Core/gpio.o
 .debug_macro   0x0000124e       0x22 ./Application/User/Core/gpio.o
 .debug_macro   0x00001270       0xd1 ./Application/User/Core/gpio.o
 .debug_macro   0x00001341      0x4da ./Application/User/Core/gpio.o
 .debug_macro   0x0000181b      0x11f ./Application/User/Core/gpio.o
 .debug_macro   0x0000193a     0xc753 ./Application/User/Core/gpio.o
 .debug_macro   0x0000e08d       0x66 ./Application/User/Core/gpio.o
 .debug_macro   0x0000e0f3     0x350e ./Application/User/Core/gpio.o
 .debug_macro   0x00011601      0x190 ./Application/User/Core/gpio.o
 .debug_macro   0x00011791       0x5c ./Application/User/Core/gpio.o
 .debug_macro   0x000117ed      0x56c ./Application/User/Core/gpio.o
 .debug_macro   0x00011d59     0x1122 ./Application/User/Core/gpio.o
 .debug_macro   0x00012e7b      0x264 ./Application/User/Core/gpio.o
 .debug_macro   0x000130df      0x1cf ./Application/User/Core/gpio.o
 .debug_macro   0x000132ae      0x1d8 ./Application/User/Core/gpio.o
 .debug_macro   0x00013486      0x426 ./Application/User/Core/gpio.o
 .debug_macro   0x000138ac      0x280 ./Application/User/Core/gpio.o
 .debug_macro   0x00013b2c      0x3a7 ./Application/User/Core/gpio.o
 .debug_macro   0x00013ed3      0x1b2 ./Application/User/Core/gpio.o
 .debug_macro   0x00014085       0x43 ./Application/User/Core/gpio.o
 .debug_macro   0x000140c8      0x1f1 ./Application/User/Core/gpio.o
 .debug_macro   0x000142b9      0x1d6 ./Application/User/Core/gpio.o
 .debug_macro   0x0001448f      0x38a ./Application/User/Core/gpio.o
 .debug_macro   0x00014819       0x28 ./Application/User/Core/gpio.o
 .debug_macro   0x00014841       0xe4 ./Application/User/Core/gpio.o
 .debug_macro   0x00014925      0x125 ./Application/User/Core/gpio.o
 .debug_macro   0x00014a4a      0x240 ./Application/User/Core/gpio.o
 .debug_macro   0x00014c8a      0x4f2 ./Application/User/Core/gpio.o
 .debug_macro   0x0001517c       0x10 ./Application/User/Core/gpio.o
 .debug_macro   0x0001518c      0x1d4 ./Application/User/Core/main.o
 .debug_macro   0x00015360      0x1c6 ./Application/User/Core/stm32g0xx_hal_msp.o
 .debug_macro   0x00015526      0x1d0 ./Application/User/Core/stm32g0xx_it.o
 .debug_macro   0x000156f6      0x1b7 ./Drivers/CMSIS/system_stm32g0xx.o
 .debug_macro   0x000158ad      0x1db ./Drivers/STM32G0xx_HAL_Driver/stm32g0xx_hal.o
 .debug_macro   0x00015a88      0x1b7 ./Drivers/STM32G0xx_HAL_Driver/stm32g0xx_hal_cortex.o
 .debug_macro   0x00015c3f      0x1be ./Drivers/STM32G0xx_HAL_Driver/stm32g0xx_hal_gpio.o
 .debug_macro   0x00015dfd      0x1e1 ./Drivers/STM32G0xx_HAL_Driver/stm32g0xx_hal_pwr_ex.o
 .debug_macro   0x00015fde      0x1f9 ./Drivers/STM32G0xx_HAL_Driver/stm32g0xx_hal_rcc.o

.debug_line     0x00000000     0x5be8
 .debug_line    0x00000000      0x6a3 ./Application/User/Core/gpio.o
 .debug_line    0x000006a3      0x71d ./Application/User/Core/main.o
 .debug_line    0x00000dc0      0x696 ./Application/User/Core/stm32g0xx_hal_msp.o
 .debug_line    0x00001456      0x6f3 ./Application/User/Core/stm32g0xx_it.o
 .debug_line    0x00001b49       0x7b ./Application/User/Startup/startup_stm32g071rbtx.o
 .debug_line    0x00001bc4      0x709 ./Drivers/CMSIS/system_stm32g0xx.o
 .debug_line    0x000022cd      0xa4f ./Drivers/STM32G0xx_HAL_Driver/stm32g0xx_hal.o
 .debug_line    0x00002d1c      0xae4 ./Drivers/STM32G0xx_HAL_Driver/stm32g0xx_hal_cortex.o
 .debug_line    0x00003800      0xaa0 ./Drivers/STM32G0xx_HAL_Driver/stm32g0xx_hal_gpio.o
 .debug_line    0x000042a0      0xa28 ./Drivers/STM32G0xx_HAL_Driver/stm32g0xx_hal_pwr_ex.o
 .debug_line    0x00004cc8      0xf20 ./Drivers/STM32G0xx_HAL_Driver/stm32g0xx_hal_rcc.o

.debug_str      0x00000000    0x8c772
 .debug_str     0x00000000    0x8c772 ./Application/User/Core/gpio.o
                              0x8b449 (size before relaxing)
 .debug_str     0x0008c772    0x8b4e3 ./Application/User/Core/main.o
 .debug_str     0x0008c772    0x8b37e ./Application/User/Core/stm32g0xx_hal_msp.o
 .debug_str     0x0008c772    0x8b2fc ./Application/User/Core/stm32g0xx_it.o
 .debug_str     0x0008c772       0x83 ./Application/User/Startup/startup_stm32g071rbtx.o
 .debug_str     0x0008c772    0x8b39c ./Drivers/CMSIS/system_stm32g0xx.o
 .debug_str     0x0008c772    0x8bb99 ./Drivers/STM32G0xx_HAL_Driver/stm32g0xx_hal.o
 .debug_str     0x0008c772    0x8b863 ./Drivers/STM32G0xx_HAL_Driver/stm32g0xx_hal_cortex.o
 .debug_str     0x0008c772    0x8b4e5 ./Drivers/STM32G0xx_HAL_Driver/stm32g0xx_hal_gpio.o
 .debug_str     0x0008c772    0x8b829 ./Drivers/STM32G0xx_HAL_Driver/stm32g0xx_hal_pwr_ex.o
 .debug_str     0x0008c772    0x8baf2 ./Drivers/STM32G0xx_HAL_Driver/stm32g0xx_hal_rcc.o

.comment        0x00000000       0x43
 .comment       0x00000000       0x43 ./Application/User/Core/gpio.o
                                 0x44 (size before relaxing)
 .comment       0x00000043       0x44 ./Application/User/Core/main.o
 .comment       0x00000043       0x44 ./Application/User/Core/stm32g0xx_hal_msp.o
 .comment       0x00000043       0x44 ./Application/User/Core/stm32g0xx_it.o
 .comment       0x00000043       0x44 ./Drivers/CMSIS/system_stm32g0xx.o
 .comment       0x00000043       0x44 ./Drivers/STM32G0xx_HAL_Driver/stm32g0xx_hal.o
 .comment       0x00000043       0x44 ./Drivers/STM32G0xx_HAL_Driver/stm32g0xx_hal_cortex.o
 .comment       0x00000043       0x44 ./Drivers/STM32G0xx_HAL_Driver/stm32g0xx_hal_gpio.o
 .comment       0x00000043       0x44 ./Drivers/STM32G0xx_HAL_Driver/stm32g0xx_hal_pwr_ex.o
 .comment       0x00000043       0x44 ./Drivers/STM32G0xx_HAL_Driver/stm32g0xx_hal_rcc.o

.debug_frame    0x00000000      0xfa4
 .debug_frame   0x00000000       0x30 ./Application/User/Core/gpio.o
 .debug_frame   0x00000030       0x68 ./Application/User/Core/main.o
 .debug_frame   0x00000098       0x30 ./Application/User/Core/stm32g0xx_hal_msp.o
 .debug_frame   0x000000c8       0x9c ./Application/User/Core/stm32g0xx_it.o
 .debug_frame   0x00000164       0x4c ./Drivers/CMSIS/system_stm32g0xx.o
 .debug_frame   0x000001b0      0x3dc ./Drivers/STM32G0xx_HAL_Driver/stm32g0xx_hal.o
 .debug_frame   0x0000058c      0x33c ./Drivers/STM32G0xx_HAL_Driver/stm32g0xx_hal_cortex.o
 .debug_frame   0x000008c8      0x130 ./Drivers/STM32G0xx_HAL_Driver/stm32g0xx_hal_gpio.o
 .debug_frame   0x000009f8      0x32c ./Drivers/STM32G0xx_HAL_Driver/stm32g0xx_hal_pwr_ex.o
 .debug_frame   0x00000d24      0x214 ./Drivers/STM32G0xx_HAL_Driver/stm32g0xx_hal_rcc.o
 .debug_frame   0x00000f38       0x20 /opt/st/stm32cubeide_1.19.0/plugins/com.st.stm32cube.ide.mcu.externaltools.gnu-tools-for-stm32.13.3.rel1.linux64_1.0.0.202410170706/tools/bin/../lib/gcc/arm-none-eabi/13.3.1/../../../../arm-none-eabi/lib/thumb/v6-m/nofp/libc_nano.a(libc_a-memset.o)
 .debug_frame   0x00000f58       0x2c /opt/st/stm32cubeide_1.19.0/plugins/com.st.stm32cube.ide.mcu.externaltools.gnu-tools-for-stm32.13.3.rel1.linux64_1.0.0.202410170706/tools/bin/../lib/gcc/arm-none-eabi/13.3.1/../../../../arm-none-eabi/lib/thumb/v6-m/nofp/libc_nano.a(libc_a-init.o)
 .debug_frame   0x00000f84       0x20 /opt/st/stm32cubeide_1.19.0/plugins/com.st.stm32cube.ide.mcu.externaltools.gnu-tools-for-stm32.13.3.rel1.linux64_1.0.0.202410170706/tools/bin/../lib/gcc/arm-none-eabi/13.3.1/thumb/v6-m/nofp/libgcc.a(_udivsi3.o)

.debug_line_str
                0x00000000       0x67
 .debug_line_str
                0x00000000       0x67 ./Application/User/Startup/startup_stm32g071rbtx.o
